2026-05-07 15:23:05,678 [INFO] chunk_text - ==================================================
2026-05-07 15:23:05,679 [INFO] chunk_text -   文本分块 开始
2026-05-07 15:23:05,679 [INFO] chunk_text - ==================================================
2026-05-07 15:23:05,687 [INFO] chunk_text - 已备份旧文件 -> C:\Users\qjx\Desktop\github\项目二\data\chunks\招股说明书_分块_备份_20260507_152305.jsonl
2026-05-07 15:23:05,688 [INFO] chunk_text - 加载: C:\Users\qjx\Desktop\github\项目二\data\parsed\招股说明书_原始文本.json
2026-05-07 15:23:05,696 [INFO] chunk_text - 加载了 1051 页
2026-05-07 15:23:05,696 [INFO] chunk_text - 按章节分块...
2026-05-07 15:23:05,696 [INFO] chunk_text - 检测到 24 个章节分组
2026-05-07 15:23:05,792 [INFO] chunk_text - 生成 1471 个 chunks
2026-05-07 15:23:05,793 [INFO] chunk_text - ==================================================
2026-05-07 15:23:05,793 [INFO] chunk_text -   分块质量报告
2026-05-07 15:23:05,793 [INFO] chunk_text - ==================================================
2026-05-07 15:23:05,793 [INFO] chunk_text - 总chunk数: 1471, 总字符: 886,040, 平均: 602, 最短/最长: 24/2416
2026-05-07 15:23:05,793 [INFO] chunk_text - 同章节含overlap相邻对: 839
2026-05-07 15:23:05,793 [INFO] chunk_text -   声明                       :  615个 (41.8%)
2026-05-07 15:23:05,793 [INFO] chunk_text -   目录                       :  276个 (18.8%)
2026-05-07 15:23:05,793 [INFO] chunk_text -   第五节 发行人基本情况              :  126个 (8.6%)
2026-05-07 15:23:05,793 [INFO] chunk_text -   第六节 业务与技术                :   95个 (6.5%)
2026-05-07 15:23:05,793 [INFO] chunk_text -   第七节 公司治理与独立性             :   80个 (5.4%)
2026-05-07 15:23:05,793 [INFO] chunk_text -   第十节  投资者保护               :   54个 (3.7%)
2026-05-07 15:23:05,794 [INFO] chunk_text -   第八节 财务会计信息与管理层分析         :   48个 (3.3%)
2026-05-07 15:23:05,794 [INFO] chunk_text -   第九节 募集资金运用与未来发展规划        :   39个 (2.7%)
2026-05-07 15:23:05,794 [INFO] chunk_text -   第四节 风险因素                 :   37个 (2.5%)
2026-05-07 15:23:05,794 [INFO] chunk_text -   第二节 概览                   :   23个 (1.6%)
2026-05-07 15:23:05,794 [INFO] chunk_text -   重大事项提示                   :   21个 (1.4%)
2026-05-07 15:23:05,794 [INFO] chunk_text -   第一节 释义                   :   20个 (1.4%)
2026-05-07 15:23:05,794 [INFO] chunk_text -   第三节 本次发行概况               :   17个 (1.2%)
2026-05-07 15:23:05,794 [INFO] chunk_text -   第十一节 其他重要事项              :   10个 (0.7%)
2026-05-07 15:23:05,794 [INFO] chunk_text -   目  录                     :    4个 (0.3%)
2026-05-07 15:23:05,794 [INFO] chunk_text -   声 明                      :    2个 (0.1%)
2026-05-07 15:23:05,794 [INFO] chunk_text -   第十三节 附件                  :    2个 (0.1%)
2026-05-07 15:23:05,794 [INFO] chunk_text -   未知                       :    1个 (0.1%)
2026-05-07 15:23:05,794 [INFO] chunk_text -   第十二节 有关声明                :    1个 (0.1%)
2026-05-07 15:23:05,816 [INFO] chunk_text - 已保存: C:\Users\qjx\Desktop\github\项目二\data\chunks\招股说明书_分块.jsonl
2026-05-07 15:23:05,816 [INFO] chunk_text - 🎉 分块完成
