2026-05-06 18:58:51,462 [INFO] import_to_milvus - ==================================================
2026-05-06 18:58:51,462 [INFO] import_to_milvus -   导入Milvus 开始
2026-05-06 18:58:51,462 [INFO] import_to_milvus - ==================================================
2026-05-06 18:58:51,462 [INFO] import_to_milvus - 连接Milvus: 127.0.0.1:19530
2026-05-06 18:58:51,506 [INFO] import_to_milvus - Milvus连接成功
2026-05-06 18:58:51,510 [INFO] import_to_milvus - 集合已存在，直接使用
2026-05-06 18:58:51,528 [INFO] import_to_milvus - 加载向量数据: C:\Users\qjx\Desktop\git\项目二\data\chunks\招股说明书_带向量.jsonl
2026-05-06 18:58:51,539 [INFO] import_to_milvus - 已加载884条文本映射
2026-05-06 18:58:51,862 [INFO] import_to_milvus - 共加载903条
2026-05-06 18:58:51,862 [INFO] import_to_milvus - 向量维度校验通过: 1024维
2026-05-06 18:58:52,307 [INFO] import_to_milvus - 已导入100/903条
2026-05-06 18:58:52,356 [INFO] import_to_milvus - 已导入200/903条
2026-05-06 18:58:52,388 [INFO] import_to_milvus - 已导入300/903条
2026-05-06 18:58:52,444 [INFO] import_to_milvus - 已导入400/903条
2026-05-06 18:58:52,481 [INFO] import_to_milvus - 已导入500/903条
2026-05-06 18:58:52,501 [ERROR] import_to_milvus - 第500-600条导入失败: <MilvusException: (code=1100, message=length of varchar field text exceeds max length, row number: 19, length: 5204, max length: 5000: invalid parameter)>
2026-05-06 18:58:52,530 [INFO] import_to_milvus - 已导入700/903条
2026-05-06 18:58:52,553 [INFO] import_to_milvus - 已导入800/903条
2026-05-06 18:58:52,699 [INFO] import_to_milvus - 已导入900/903条
2026-05-06 18:58:52,708 [INFO] import_to_milvus - 已导入903/903条
2026-05-06 18:58:54,230 [INFO] import_to_milvus - 导入完成，集合当前数据量: 803
2026-05-06 18:58:54,235 [INFO] import_to_milvus - ==================================================
2026-05-06 18:58:54,235 [INFO] import_to_milvus -   导入质量报告
2026-05-06 18:58:54,235 [INFO] import_to_milvus - ==================================================
2026-05-06 18:58:54,235 [INFO] import_to_milvus - 集合: prospectus
2026-05-06 18:58:54,238 [INFO] import_to_milvus - 数据量: 803条
2026-05-06 18:58:54,238 [INFO] import_to_milvus - 向量维度: 1024
2026-05-06 18:58:54,238 [INFO] import_to_milvus - 🎉 导入完成
