2026-05-11 09:56:29,533 [INFO] import_to_milvus - ==================================================
2026-05-11 09:56:29,533 [INFO] import_to_milvus -   导入Milvus 开始
2026-05-11 09:56:29,533 [INFO] import_to_milvus - ==================================================
2026-05-11 09:56:29,533 [INFO] import_to_milvus - 连接Milvus: 127.0.0.1:19530
2026-05-11 09:56:29,595 [INFO] import_to_milvus - Milvus连接成功
2026-05-11 09:56:29,753 [INFO] import_to_milvus - 集合 'prospectus' 创建成功
2026-05-11 09:56:30,449 [INFO] import_to_milvus - 向量索引创建成功
2026-05-11 09:56:31,649 [INFO] import_to_milvus - 加载向量数据: C:\Users\qjx\Desktop\github\项目二\data\chunks\招股说明书_带向量.jsonl
2026-05-11 09:56:31,664 [INFO] import_to_milvus - 已加载1471条文本映射
2026-05-11 09:56:32,154 [INFO] import_to_milvus - 共加载1471条
2026-05-11 09:56:32,154 [INFO] import_to_milvus - 向量维度校验通过: 1024维
2026-05-11 09:56:34,166 [INFO] import_to_milvus - 已导入100/1471条
2026-05-11 09:56:34,388 [INFO] import_to_milvus - 已导入200/1471条
2026-05-11 09:56:34,588 [INFO] import_to_milvus - 已导入300/1471条
2026-05-11 09:56:34,803 [INFO] import_to_milvus - 已导入400/1471条
2026-05-11 09:56:35,008 [INFO] import_to_milvus - 已导入500/1471条
2026-05-11 09:56:35,221 [INFO] import_to_milvus - 已导入600/1471条
2026-05-11 09:56:35,438 [INFO] import_to_milvus - 已导入700/1471条
2026-05-11 09:56:35,637 [INFO] import_to_milvus - 已导入800/1471条
2026-05-11 09:56:35,847 [INFO] import_to_milvus - 已导入900/1471条
2026-05-11 09:56:36,072 [INFO] import_to_milvus - 已导入1000/1471条
2026-05-11 09:56:36,264 [INFO] import_to_milvus - 已导入1100/1471条
2026-05-11 09:56:36,477 [INFO] import_to_milvus - 已导入1200/1471条
2026-05-11 09:56:36,683 [INFO] import_to_milvus - 已导入1300/1471条
2026-05-11 09:56:36,891 [INFO] import_to_milvus - 已导入1400/1471条
2026-05-11 09:56:37,105 [INFO] import_to_milvus - 已导入1471/1471条
2026-05-11 09:56:39,813 [INFO] import_to_milvus - 导入完成，集合当前数据量: 1471
2026-05-11 09:56:39,829 [INFO] import_to_milvus - ==================================================
2026-05-11 09:56:39,829 [INFO] import_to_milvus -   导入质量报告
2026-05-11 09:56:39,829 [INFO] import_to_milvus - ==================================================
2026-05-11 09:56:39,829 [INFO] import_to_milvus - 集合: prospectus
2026-05-11 09:56:39,831 [INFO] import_to_milvus - 数据量: 1471条
2026-05-11 09:56:39,831 [INFO] import_to_milvus - 向量维度: 1024
2026-05-11 09:56:39,831 [INFO] import_to_milvus - 🎉 导入完成
