2026-05-07 15:21:42,649 [INFO] parse_pdf - ==================================================
2026-05-07 15:21:42,649 [INFO] parse_pdf -   PDF 解析 开始
2026-05-07 15:21:42,649 [INFO] parse_pdf - ==================================================
2026-05-07 15:21:42,653 [INFO] parse_pdf - 已备份旧文件 -> C:\Users\qjx\Desktop\github\项目二\data\parsed\招股说明书_原始文本_备份_20260507_152142.json
2026-05-07 15:21:42,653 [INFO] parse_pdf - 读取PDF: C:\Users\qjx\Desktop\github\项目二\data\招股说明书1.pdf
2026-05-07 15:21:42,681 [INFO] parse_pdf - PDF 共 548 页
2026-05-07 15:21:43,130 [INFO] parse_pdf - 第 5 页发现 2 个表格
2026-05-07 15:21:43,459 [INFO] parse_pdf - 第 10 页发现 2 个表格
2026-05-07 15:21:43,565 [INFO] parse_pdf - 第 11 页发现 1 个表格
2026-05-07 15:21:43,963 [INFO] parse_pdf - 第 18 页发现 1 个表格
2026-05-07 15:21:44,090 [INFO] parse_pdf - 第 19 页发现 2 个表格
2026-05-07 15:21:44,215 [INFO] parse_pdf - 第 20 页发现 1 个表格
2026-05-07 15:21:44,292 [INFO] parse_pdf - 第 21 页发现 1 个表格
2026-05-07 15:21:44,427 [INFO] parse_pdf - 第 22 页发现 3 个表格
2026-05-07 15:21:44,548 [INFO] parse_pdf - 第 23 页发现 2 个表格
2026-05-07 15:21:44,658 [INFO] parse_pdf - 第 24 页发现 2 个表格
2026-05-07 15:21:44,820 [INFO] parse_pdf - 第 30 页发现 1 个表格
2026-05-07 15:21:44,889 [INFO] parse_pdf - 第 31 页发现 1 个表格
2026-05-07 15:21:45,000 [INFO] parse_pdf - 第 32 页发现 4 个表格
2026-05-07 15:21:45,120 [INFO] parse_pdf - 第 33 页发现 5 个表格
2026-05-07 15:21:45,291 [INFO] parse_pdf - 第 37 页发现 2 个表格
2026-05-07 15:21:45,392 [INFO] parse_pdf - 第 38 页发现 2 个表格
2026-05-07 15:21:45,534 [INFO] parse_pdf - 第 39 页发现 1 个表格
2026-05-07 15:21:45,708 [INFO] parse_pdf - 第 40 页发现 2 个表格
2026-05-07 15:21:45,783 [INFO] parse_pdf - 第 41 页发现 1 个表格
2026-05-07 15:21:46,130 [INFO] parse_pdf - 第 53 页发现 2 个表格
2026-05-07 15:21:46,192 [INFO] parse_pdf - 第 54 页发现 1 个表格
2026-05-07 15:21:46,274 [INFO] parse_pdf - 第 55 页发现 2 个表格
2026-05-07 15:21:46,414 [INFO] parse_pdf - 第 57 页发现 2 个表格
2026-05-07 15:21:46,488 [INFO] parse_pdf - 第 58 页发现 1 个表格
2026-05-07 15:21:46,557 [INFO] parse_pdf - 第 59 页发现 1 个表格
2026-05-07 15:21:46,599 [INFO] parse_pdf - 第 60 页发现 1 个表格
2026-05-07 15:21:46,678 [INFO] parse_pdf - 第 61 页发现 2 个表格
2026-05-07 15:21:46,816 [INFO] parse_pdf - 第 62 页发现 4 个表格
2026-05-07 15:21:46,945 [INFO] parse_pdf - 第 63 页发现 3 个表格
2026-05-07 15:21:47,072 [INFO] parse_pdf - 第 64 页发现 3 个表格
2026-05-07 15:21:47,229 [INFO] parse_pdf - 第 65 页发现 3 个表格
2026-05-07 15:21:47,321 [INFO] parse_pdf - 第 66 页发现 1 个表格
2026-05-07 15:21:47,522 [INFO] parse_pdf - 第 68 页发现 2 个表格
2026-05-07 15:21:47,704 [INFO] parse_pdf - 第 69 页发现 3 个表格
2026-05-07 15:21:47,861 [INFO] parse_pdf - 第 70 页发现 3 个表格
2026-05-07 15:21:48,041 [INFO] parse_pdf - 第 71 页发现 3 个表格
2026-05-07 15:21:48,097 [INFO] parse_pdf - 第 72 页发现 1 个表格
2026-05-07 15:21:48,152 [INFO] parse_pdf - 第 73 页发现 1 个表格
2026-05-07 15:21:48,205 [INFO] parse_pdf - 第 74 页发现 1 个表格
2026-05-07 15:21:48,447 [INFO] parse_pdf - 第 76 页发现 1 个表格
2026-05-07 15:21:48,494 [INFO] parse_pdf - 第 77 页发现 1 个表格
2026-05-07 15:21:48,620 [INFO] parse_pdf - 第 78 页发现 1 个表格
2026-05-07 15:21:48,658 [INFO] parse_pdf - 第 79 页发现 1 个表格
2026-05-07 15:21:48,710 [INFO] parse_pdf - 第 80 页发现 1 个表格
2026-05-07 15:21:48,774 [INFO] parse_pdf - 第 81 页发现 1 个表格
2026-05-07 15:21:48,965 [INFO] parse_pdf - 第 85 页发现 2 个表格
2026-05-07 15:21:49,037 [INFO] parse_pdf - 第 86 页发现 2 个表格
2026-05-07 15:21:49,153 [INFO] parse_pdf - 第 87 页发现 2 个表格
2026-05-07 15:21:49,237 [INFO] parse_pdf - 第 88 页发现 2 个表格
2026-05-07 15:21:49,317 [INFO] parse_pdf - 第 89 页发现 2 个表格
2026-05-07 15:21:49,397 [INFO] parse_pdf - 第 90 页发现 2 个表格
2026-05-07 15:21:49,512 [INFO] parse_pdf - 第 91 页发现 2 个表格
2026-05-07 15:21:49,601 [INFO] parse_pdf - 第 94 页发现 1 个表格
2026-05-07 15:21:49,651 [INFO] parse_pdf - 第 95 页发现 1 个表格
2026-05-07 15:21:49,743 [INFO] parse_pdf - 第 97 页发现 1 个表格
2026-05-07 15:21:49,784 [INFO] parse_pdf - 第 98 页发现 1 个表格
2026-05-07 15:21:49,864 [INFO] parse_pdf - 第 104 页发现 1 个表格
2026-05-07 15:21:49,926 [INFO] parse_pdf - 第 105 页发现 2 个表格
2026-05-07 15:21:49,960 [INFO] parse_pdf - 第 106 页发现 1 个表格
2026-05-07 15:21:49,997 [INFO] parse_pdf - 第 107 页发现 1 个表格
2026-05-07 15:21:50,124 [INFO] parse_pdf - 第 108 页发现 2 个表格
2026-05-07 15:21:50,228 [INFO] parse_pdf - 第 112 页发现 2 个表格
2026-05-07 15:21:50,345 [INFO] parse_pdf - 第 116 页发现 1 个表格
2026-05-07 15:21:50,447 [INFO] parse_pdf - 第 118 页发现 1 个表格
2026-05-07 15:21:50,707 [INFO] parse_pdf - 第 125 页发现 2 个表格
2026-05-07 15:21:50,846 [INFO] parse_pdf - 第 126 页发现 2 个表格
2026-05-07 15:21:51,079 [INFO] parse_pdf - 第 130 页发现 1 个表格
2026-05-07 15:21:51,170 [INFO] parse_pdf - 第 131 页发现 1 个表格
2026-05-07 15:21:51,257 [INFO] parse_pdf - 第 133 页发现 1 个表格
2026-05-07 15:21:51,406 [INFO] parse_pdf - 第 134 页发现 1 个表格
2026-05-07 15:21:51,529 [INFO] parse_pdf - 第 136 页发现 1 个表格
2026-05-07 15:21:51,613 [INFO] parse_pdf - 第 137 页发现 1 个表格
2026-05-07 15:21:51,705 [INFO] parse_pdf - 第 138 页发现 1 个表格
2026-05-07 15:21:51,878 [INFO] parse_pdf - 第 139 页发现 1 个表格
2026-05-07 15:21:52,085 [INFO] parse_pdf - 第 143 页发现 2 个表格
2026-05-07 15:21:52,142 [INFO] parse_pdf - 第 144 页发现 1 个表格
2026-05-07 15:21:52,416 [INFO] parse_pdf - 第 153 页发现 1 个表格
2026-05-07 15:21:52,507 [INFO] parse_pdf - 第 156 页发现 1 个表格
2026-05-07 15:21:52,759 [INFO] parse_pdf - 第 165 页发现 1 个表格
2026-05-07 15:21:52,830 [INFO] parse_pdf - 第 166 页发现 1 个表格
2026-05-07 15:21:52,910 [INFO] parse_pdf - 第 167 页发现 2 个表格
2026-05-07 15:21:52,971 [INFO] parse_pdf - 第 168 页发现 1 个表格
2026-05-07 15:21:53,030 [INFO] parse_pdf - 第 169 页发现 1 个表格
2026-05-07 15:21:53,101 [INFO] parse_pdf - 第 170 页发现 1 个表格
2026-05-07 15:21:53,391 [INFO] parse_pdf - 第 181 页发现 1 个表格
2026-05-07 15:21:53,525 [INFO] parse_pdf - 第 182 页发现 1 个表格
2026-05-07 15:21:53,728 [INFO] parse_pdf - 第 184 页发现 2 个表格
2026-05-07 15:21:53,798 [INFO] parse_pdf - 第 185 页发现 1 个表格
2026-05-07 15:21:53,996 [INFO] parse_pdf - 第 186 页发现 2 个表格
2026-05-07 15:21:54,081 [INFO] parse_pdf - 第 187 页发现 2 个表格
2026-05-07 15:21:54,287 [INFO] parse_pdf - 第 188 页发现 2 个表格
2026-05-07 15:21:54,364 [INFO] parse_pdf - 第 189 页发现 1 个表格
2026-05-07 15:21:54,465 [INFO] parse_pdf - 第 190 页发现 1 个表格
2026-05-07 15:21:54,526 [INFO] parse_pdf - 第 191 页发现 1 个表格
2026-05-07 15:21:54,649 [INFO] parse_pdf - 第 192 页发现 1 个表格
2026-05-07 15:21:54,715 [INFO] parse_pdf - 第 193 页发现 1 个表格
2026-05-07 15:21:54,935 [INFO] parse_pdf - 第 194 页发现 1 个表格
2026-05-07 15:21:54,995 [INFO] parse_pdf - 第 195 页发现 1 个表格
2026-05-07 15:21:55,111 [INFO] parse_pdf - 第 196 页发现 1 个表格
2026-05-07 15:21:55,252 [INFO] parse_pdf - 第 198 页发现 1 个表格
2026-05-07 15:21:55,327 [INFO] parse_pdf - 第 199 页发现 1 个表格
2026-05-07 15:21:55,557 [INFO] parse_pdf - 第 201 页发现 2 个表格
2026-05-07 15:21:55,703 [INFO] parse_pdf - 第 202 页发现 2 个表格
2026-05-07 15:21:55,745 [INFO] parse_pdf - 第 203 页发现 1 个表格
2026-05-07 15:21:55,820 [INFO] parse_pdf - 第 204 页发现 1 个表格
2026-05-07 15:21:55,914 [INFO] parse_pdf - 第 205 页发现 1 个表格
2026-05-07 15:21:56,030 [INFO] parse_pdf - 第 206 页发现 1 个表格
2026-05-07 15:21:56,137 [INFO] parse_pdf - 第 207 页发现 2 个表格
2026-05-07 15:21:56,276 [INFO] parse_pdf - 第 208 页发现 1 个表格
2026-05-07 15:21:56,356 [INFO] parse_pdf - 第 209 页发现 1 个表格
2026-05-07 15:21:56,426 [INFO] parse_pdf - 第 210 页发现 1 个表格
2026-05-07 15:21:56,581 [INFO] parse_pdf - 第 211 页发现 3 个表格
2026-05-07 15:21:56,710 [INFO] parse_pdf - 第 212 页发现 2 个表格
2026-05-07 15:21:56,797 [INFO] parse_pdf - 第 213 页发现 1 个表格
2026-05-07 15:21:56,954 [INFO] parse_pdf - 第 214 页发现 2 个表格
2026-05-07 15:21:57,059 [INFO] parse_pdf - 第 215 页发现 1 个表格
2026-05-07 15:21:57,177 [INFO] parse_pdf - 第 216 页发现 1 个表格
2026-05-07 15:21:57,314 [INFO] parse_pdf - 第 217 页发现 1 个表格
2026-05-07 15:21:57,442 [INFO] parse_pdf - 第 218 页发现 1 个表格
2026-05-07 15:21:57,560 [INFO] parse_pdf - 第 219 页发现 1 个表格
2026-05-07 15:21:57,712 [INFO] parse_pdf - 第 220 页发现 1 个表格
2026-05-07 15:21:57,884 [INFO] parse_pdf - 第 221 页发现 1 个表格
2026-05-07 15:21:58,072 [INFO] parse_pdf - 第 222 页发现 2 个表格
2026-05-07 15:21:58,141 [INFO] parse_pdf - 第 223 页发现 1 个表格
2026-05-07 15:21:58,385 [INFO] parse_pdf - 第 233 页发现 1 个表格
2026-05-07 15:21:58,499 [INFO] parse_pdf - 第 235 页发现 2 个表格
2026-05-07 15:21:58,546 [INFO] parse_pdf - 第 236 页发现 1 个表格
2026-05-07 15:21:58,663 [INFO] parse_pdf - 第 237 页发现 1 个表格
2026-05-07 15:21:58,729 [INFO] parse_pdf - 第 238 页发现 1 个表格
2026-05-07 15:21:58,799 [INFO] parse_pdf - 第 239 页发现 1 个表格
2026-05-07 15:21:58,884 [INFO] parse_pdf - 第 241 页发现 1 个表格
2026-05-07 15:21:58,937 [INFO] parse_pdf - 第 242 页发现 1 个表格
2026-05-07 15:21:59,024 [INFO] parse_pdf - 第 245 页发现 1 个表格
2026-05-07 15:21:59,156 [INFO] parse_pdf - 第 246 页发现 2 个表格
2026-05-07 15:21:59,280 [INFO] parse_pdf - 第 247 页发现 2 个表格
2026-05-07 15:21:59,416 [INFO] parse_pdf - 第 252 页发现 1 个表格
2026-05-07 15:21:59,497 [INFO] parse_pdf - 第 253 页发现 2 个表格
2026-05-07 15:21:59,639 [INFO] parse_pdf - 第 254 页发现 4 个表格
2026-05-07 15:21:59,790 [INFO] parse_pdf - 第 255 页发现 3 个表格
2026-05-07 15:21:59,945 [INFO] parse_pdf - 第 260 页发现 1 个表格
2026-05-07 15:22:00,060 [INFO] parse_pdf - 第 262 页发现 2 个表格
2026-05-07 15:22:00,175 [INFO] parse_pdf - 第 263 页发现 2 个表格
2026-05-07 15:22:00,347 [INFO] parse_pdf - 第 264 页发现 3 个表格
2026-05-07 15:22:00,587 [INFO] parse_pdf - 第 265 页发现 4 个表格
2026-05-07 15:22:00,774 [INFO] parse_pdf - 第 267 页发现 1 个表格
2026-05-07 15:22:01,003 [INFO] parse_pdf - 第 271 页发现 1 个表格
2026-05-07 15:22:01,324 [INFO] parse_pdf - 第 272 页发现 2 个表格
2026-05-07 15:22:01,615 [INFO] parse_pdf - 第 273 页发现 2 个表格
2026-05-07 15:22:01,755 [INFO] parse_pdf - 第 274 页发现 1 个表格
2026-05-07 15:22:02,042 [INFO] parse_pdf - 第 275 页发现 2 个表格
2026-05-07 15:22:02,184 [INFO] parse_pdf - 第 276 页发现 1 个表格
2026-05-07 15:22:02,380 [INFO] parse_pdf - 第 277 页发现 2 个表格
2026-05-07 15:22:02,492 [INFO] parse_pdf - 第 278 页发现 1 个表格
2026-05-07 15:22:02,577 [INFO] parse_pdf - 第 279 页发现 1 个表格
2026-05-07 15:22:02,653 [INFO] parse_pdf - 第 280 页发现 1 个表格
2026-05-07 15:22:02,744 [INFO] parse_pdf - 第 281 页发现 1 个表格
2026-05-07 15:22:02,987 [INFO] parse_pdf - 第 282 页发现 4 个表格
2026-05-07 15:22:03,124 [INFO] parse_pdf - 第 283 页发现 2 个表格
2026-05-07 15:22:03,165 [INFO] parse_pdf - 第 284 页发现 1 个表格
2026-05-07 15:22:03,193 [INFO] parse_pdf - 第 285 页发现 1 个表格
2026-05-07 15:22:03,265 [INFO] parse_pdf - 第 286 页发现 2 个表格
2026-05-07 15:22:03,446 [INFO] parse_pdf - 第 292 页发现 2 个表格
2026-05-07 15:22:03,494 [INFO] parse_pdf - 第 293 页发现 1 个表格
2026-05-07 15:22:03,610 [INFO] parse_pdf - 第 297 页发现 1 个表格
2026-05-07 15:22:03,717 [INFO] parse_pdf - 第 298 页发现 4 个表格
2026-05-07 15:22:03,824 [INFO] parse_pdf - 第 302 页发现 1 个表格
2026-05-07 15:22:03,862 [INFO] parse_pdf - 第 303 页发现 1 个表格
2026-05-07 15:22:04,037 [INFO] parse_pdf - 第 307 页发现 2 个表格
2026-05-07 15:22:04,131 [INFO] parse_pdf - 第 308 页发现 2 个表格
2026-05-07 15:22:04,371 [INFO] parse_pdf - 第 316 页发现 1 个表格
2026-05-07 15:22:04,442 [INFO] parse_pdf - 第 317 页发现 2 个表格
2026-05-07 15:22:04,682 [INFO] parse_pdf - 第 319 页发现 2 个表格
2026-05-07 15:22:04,756 [INFO] parse_pdf - 第 320 页发现 1 个表格
2026-05-07 15:22:04,943 [INFO] parse_pdf - 第 321 页发现 2 个表格
2026-05-07 15:22:05,048 [INFO] parse_pdf - 第 322 页发现 2 个表格
2026-05-07 15:22:05,181 [INFO] parse_pdf - 第 323 页发现 1 个表格
2026-05-07 15:22:05,287 [INFO] parse_pdf - 第 324 页发现 2 个表格
2026-05-07 15:22:05,360 [INFO] parse_pdf - 第 325 页发现 1 个表格
2026-05-07 15:22:05,528 [INFO] parse_pdf - 第 326 页发现 2 个表格
2026-05-07 15:22:05,608 [INFO] parse_pdf - 第 327 页发现 2 个表格
2026-05-07 15:22:05,691 [INFO] parse_pdf - 第 328 页发现 1 个表格
2026-05-07 15:22:05,852 [INFO] parse_pdf - 第 332 页发现 1 个表格
2026-05-07 15:22:05,955 [INFO] parse_pdf - 第 333 页发现 1 个表格
2026-05-07 15:22:06,236 [INFO] parse_pdf - 第 334 页发现 2 个表格
2026-05-07 15:22:06,416 [INFO] parse_pdf - 第 335 页发现 2 个表格
2026-05-07 15:22:06,619 [INFO] parse_pdf - 第 336 页发现 3 个表格
2026-05-07 15:22:06,721 [INFO] parse_pdf - 第 337 页发现 1 个表格
2026-05-07 15:22:06,891 [INFO] parse_pdf - 第 339 页发现 2 个表格
2026-05-07 15:22:07,149 [INFO] parse_pdf - 第 340 页发现 2 个表格
2026-05-07 15:22:07,340 [INFO] parse_pdf - 第 341 页发现 2 个表格
2026-05-07 15:22:07,517 [INFO] parse_pdf - 第 342 页发现 1 个表格
2026-05-07 15:22:07,726 [INFO] parse_pdf - 第 343 页发现 2 个表格
2026-05-07 15:22:07,949 [INFO] parse_pdf - 第 344 页发现 2 个表格
2026-05-07 15:22:08,199 [INFO] parse_pdf - 第 346 页发现 1 个表格
2026-05-07 15:22:08,452 [INFO] parse_pdf - 第 347 页发现 2 个表格
2026-05-07 15:22:08,545 [INFO] parse_pdf - 第 348 页发现 1 个表格
2026-05-07 15:22:08,622 [INFO] parse_pdf - 第 349 页发现 1 个表格
2026-05-07 15:22:08,709 [INFO] parse_pdf - 第 350 页发现 1 个表格
2026-05-07 15:22:08,973 [INFO] parse_pdf - 第 351 页发现 1 个表格
2026-05-07 15:22:09,063 [INFO] parse_pdf - 第 352 页发现 1 个表格
2026-05-07 15:22:09,143 [INFO] parse_pdf - 第 353 页发现 1 个表格
2026-05-07 15:22:09,405 [INFO] parse_pdf - 第 354 页发现 2 个表格
2026-05-07 15:22:09,481 [INFO] parse_pdf - 第 355 页发现 1 个表格
2026-05-07 15:22:09,548 [INFO] parse_pdf - 第 356 页发现 1 个表格
2026-05-07 15:22:09,626 [INFO] parse_pdf - 第 357 页发现 1 个表格
2026-05-07 15:22:09,694 [INFO] parse_pdf - 第 358 页发现 1 个表格
2026-05-07 15:22:09,717 [INFO] parse_pdf - 第 359 页发现 1 个表格
2026-05-07 15:22:09,989 [INFO] parse_pdf - 第 365 页发现 1 个表格
2026-05-07 15:22:10,115 [INFO] parse_pdf - 第 366 页发现 1 个表格
2026-05-07 15:22:10,433 [INFO] parse_pdf - 第 368 页发现 3 个表格
2026-05-07 15:22:10,754 [INFO] parse_pdf - 第 369 页发现 4 个表格
2026-05-07 15:22:10,848 [INFO] parse_pdf - 第 370 页发现 2 个表格
2026-05-07 15:22:11,002 [INFO] parse_pdf - 第 372 页发现 1 个表格
2026-05-07 15:22:11,115 [INFO] parse_pdf - 第 373 页发现 1 个表格
2026-05-07 15:22:11,300 [INFO] parse_pdf - 第 374 页发现 2 个表格
2026-05-07 15:22:11,353 [INFO] parse_pdf - 第 375 页发现 1 个表格
2026-05-07 15:22:11,605 [INFO] parse_pdf - 第 378 页发现 2 个表格
2026-05-07 15:22:11,699 [INFO] parse_pdf - 第 380 页发现 1 个表格
2026-05-07 15:22:11,757 [INFO] parse_pdf - 第 381 页发现 1 个表格
2026-05-07 15:22:11,922 [INFO] parse_pdf - 第 382 页发现 1 个表格
2026-05-07 15:22:12,105 [INFO] parse_pdf - 第 383 页发现 1 个表格
2026-05-07 15:22:12,322 [INFO] parse_pdf - 第 385 页发现 1 个表格
2026-05-07 15:22:12,389 [INFO] parse_pdf - 第 386 页发现 1 个表格
2026-05-07 15:22:12,499 [INFO] parse_pdf - 第 387 页发现 1 个表格
2026-05-07 15:22:12,564 [INFO] parse_pdf - 第 388 页发现 1 个表格
2026-05-07 15:22:12,709 [INFO] parse_pdf - 第 389 页发现 2 个表格
2026-05-07 15:22:12,820 [INFO] parse_pdf - 第 390 页发现 1 个表格
2026-05-07 15:22:12,966 [INFO] parse_pdf - 第 391 页发现 1 个表格
2026-05-07 15:22:13,200 [INFO] parse_pdf - 第 392 页发现 2 个表格
2026-05-07 15:22:13,301 [INFO] parse_pdf - 第 393 页发现 2 个表格
2026-05-07 15:22:13,358 [INFO] parse_pdf - 第 394 页发现 1 个表格
2026-05-07 15:22:13,456 [INFO] parse_pdf - 第 395 页发现 2 个表格
2026-05-07 15:22:13,527 [INFO] parse_pdf - 第 396 页发现 1 个表格
2026-05-07 15:22:13,599 [INFO] parse_pdf - 第 397 页发现 1 个表格
2026-05-07 15:22:13,695 [INFO] parse_pdf - 第 399 页发现 1 个表格
2026-05-07 15:22:13,777 [INFO] parse_pdf - 第 400 页发现 2 个表格
2026-05-07 15:22:13,917 [INFO] parse_pdf - 第 401 页发现 2 个表格
2026-05-07 15:22:14,125 [INFO] parse_pdf - 第 402 页发现 3 个表格
2026-05-07 15:22:14,210 [INFO] parse_pdf - 第 403 页发现 1 个表格
2026-05-07 15:22:14,418 [INFO] parse_pdf - 第 404 页发现 3 个表格
2026-05-07 15:22:14,540 [INFO] parse_pdf - 第 405 页发现 2 个表格
2026-05-07 15:22:14,601 [INFO] parse_pdf - 第 406 页发现 1 个表格
2026-05-07 15:22:14,803 [INFO] parse_pdf - 第 407 页发现 2 个表格
2026-05-07 15:22:15,123 [INFO] parse_pdf - 第 408 页发现 2 个表格
2026-05-07 15:22:15,249 [INFO] parse_pdf - 第 409 页发现 1 个表格
2026-05-07 15:22:15,320 [INFO] parse_pdf - 第 410 页发现 2 个表格
2026-05-07 15:22:15,458 [INFO] parse_pdf - 第 411 页发现 2 个表格
2026-05-07 15:22:15,754 [INFO] parse_pdf - 第 412 页发现 3 个表格
2026-05-07 15:22:15,837 [INFO] parse_pdf - 第 413 页发现 2 个表格
2026-05-07 15:22:15,933 [INFO] parse_pdf - 第 414 页发现 2 个表格
2026-05-07 15:22:16,161 [INFO] parse_pdf - 第 415 页发现 3 个表格
2026-05-07 15:22:16,303 [INFO] parse_pdf - 第 416 页发现 2 个表格
2026-05-07 15:22:16,356 [INFO] parse_pdf - 第 417 页发现 1 个表格
2026-05-07 15:22:16,455 [INFO] parse_pdf - 第 418 页发现 1 个表格
2026-05-07 15:22:16,599 [INFO] parse_pdf - 第 419 页发现 2 个表格
2026-05-07 15:22:16,801 [INFO] parse_pdf - 第 420 页发现 2 个表格
2026-05-07 15:22:16,993 [INFO] parse_pdf - 第 421 页发现 2 个表格
2026-05-07 15:22:17,160 [INFO] parse_pdf - 第 422 页发现 1 个表格
2026-05-07 15:22:17,302 [INFO] parse_pdf - 第 423 页发现 1 个表格
2026-05-07 15:22:17,501 [INFO] parse_pdf - 第 424 页发现 2 个表格
2026-05-07 15:22:17,720 [INFO] parse_pdf - 第 425 页发现 2 个表格
2026-05-07 15:22:17,818 [INFO] parse_pdf - 第 426 页发现 2 个表格
2026-05-07 15:22:18,021 [INFO] parse_pdf - 第 429 页发现 1 个表格
2026-05-07 15:22:18,229 [INFO] parse_pdf - 第 430 页发现 2 个表格
2026-05-07 15:22:18,429 [INFO] parse_pdf - 第 431 页发现 2 个表格
2026-05-07 15:22:18,613 [INFO] parse_pdf - 第 432 页发现 3 个表格
2026-05-07 15:22:18,710 [INFO] parse_pdf - 第 433 页发现 2 个表格
2026-05-07 15:22:19,010 [INFO] parse_pdf - 第 434 页发现 2 个表格
2026-05-07 15:22:19,345 [INFO] parse_pdf - 第 435 页发现 2 个表格
2026-05-07 15:22:19,421 [INFO] parse_pdf - 第 436 页发现 1 个表格
2026-05-07 15:22:19,580 [INFO] parse_pdf - 第 437 页发现 1 个表格
2026-05-07 15:22:19,933 [INFO] parse_pdf - 第 438 页发现 2 个表格
2026-05-07 15:22:20,174 [INFO] parse_pdf - 第 439 页发现 2 个表格
2026-05-07 15:22:20,223 [INFO] parse_pdf - 第 440 页发现 1 个表格
2026-05-07 15:22:20,350 [INFO] parse_pdf - 第 444 页发现 1 个表格
2026-05-07 15:22:20,515 [INFO] parse_pdf - 第 445 页发现 2 个表格
2026-05-07 15:22:20,569 [INFO] parse_pdf - 第 446 页发现 1 个表格
2026-05-07 15:22:20,731 [INFO] parse_pdf - 第 447 页发现 2 个表格
2026-05-07 15:22:20,953 [INFO] parse_pdf - 第 448 页发现 2 个表格
2026-05-07 15:22:21,069 [INFO] parse_pdf - 第 449 页发现 3 个表格
2026-05-07 15:22:21,158 [INFO] parse_pdf - 第 450 页发现 3 个表格
2026-05-07 15:22:21,268 [INFO] parse_pdf - 第 451 页发现 3 个表格
2026-05-07 15:22:21,378 [INFO] parse_pdf - 第 452 页发现 4 个表格
2026-05-07 15:22:21,644 [INFO] parse_pdf - 第 453 页发现 3 个表格
2026-05-07 15:22:21,848 [INFO] parse_pdf - 第 454 页发现 2 个表格
2026-05-07 15:22:22,101 [INFO] parse_pdf - 第 455 页发现 4 个表格
2026-05-07 15:22:22,366 [INFO] parse_pdf - 第 456 页发现 3 个表格
2026-05-07 15:22:22,521 [INFO] parse_pdf - 第 457 页发现 2 个表格
2026-05-07 15:22:22,611 [INFO] parse_pdf - 第 458 页发现 2 个表格
2026-05-07 15:22:22,683 [INFO] parse_pdf - 第 459 页发现 1 个表格
2026-05-07 15:22:22,745 [INFO] parse_pdf - 第 460 页发现 1 个表格
2026-05-07 15:22:22,809 [INFO] parse_pdf - 第 461 页发现 1 个表格
2026-05-07 15:22:23,080 [INFO] parse_pdf - 第 467 页发现 1 个表格
2026-05-07 15:22:23,123 [INFO] parse_pdf - 第 468 页发现 1 个表格
2026-05-07 15:22:23,181 [INFO] parse_pdf - 第 469 页发现 1 个表格
2026-05-07 15:22:23,249 [INFO] parse_pdf - 第 470 页发现 1 个表格
2026-05-07 15:22:23,354 [INFO] parse_pdf - 第 471 页发现 2 个表格
2026-05-07 15:22:23,453 [INFO] parse_pdf - 第 472 页发现 2 个表格
2026-05-07 15:22:23,514 [INFO] parse_pdf - 第 473 页发现 1 个表格
2026-05-07 15:22:23,721 [INFO] parse_pdf - 第 474 页发现 3 个表格
2026-05-07 15:22:23,820 [INFO] parse_pdf - 第 475 页发现 2 个表格
2026-05-07 15:22:23,903 [INFO] parse_pdf - 第 476 页发现 1 个表格
2026-05-07 15:22:23,986 [INFO] parse_pdf - 第 477 页发现 2 个表格
2026-05-07 15:22:24,186 [INFO] parse_pdf - 第 479 页发现 2 个表格
2026-05-07 15:22:24,245 [INFO] parse_pdf - 第 480 页发现 1 个表格
2026-05-07 15:22:24,385 [INFO] parse_pdf - 第 485 页发现 1 个表格
2026-05-07 15:22:24,509 [INFO] parse_pdf - 第 486 页发现 2 个表格
2026-05-07 15:22:24,611 [INFO] parse_pdf - 第 488 页发现 1 个表格
2026-05-07 15:22:24,680 [INFO] parse_pdf - 第 489 页发现 1 个表格
2026-05-07 15:22:25,601 [INFO] parse_pdf - 第 531 页发现 2 个表格
2026-05-07 15:22:25,742 [INFO] parse_pdf - 第 532 页发现 4 个表格
2026-05-07 15:22:25,772 [INFO] parse_pdf - 第 533 页发现 1 个表格
2026-05-07 15:22:25,981 [INFO] parse_pdf - 成功读取 1051 个内容块（共 548 页，503 个表格）
2026-05-07 15:22:26,004 [INFO] parse_pdf - 处理完成: 成功 1051 页, 跳过 0 页
2026-05-07 15:22:26,005 [INFO] parse_pdf - ==================================================
2026-05-07 15:22:26,005 [INFO] parse_pdf -   质量报告
2026-05-07 15:22:26,005 [INFO] parse_pdf - ==================================================
2026-05-07 15:22:26,005 [INFO] parse_pdf - 总页数: 1051, 总字符: 730,477, 平均: 695字符
2026-05-07 15:22:26,005 [INFO] parse_pdf - 检测到章节: 18 个
2026-05-07 15:22:26,005 [INFO] parse_pdf -   - 声 明: 2 页
2026-05-07 15:22:26,005 [INFO] parse_pdf -   - 重大事项提示: 14 页
2026-05-07 15:22:26,005 [INFO] parse_pdf -   - 目  录: 1 页
2026-05-07 15:22:26,005 [INFO] parse_pdf -   - 第五节 发行人基本情况: 102 页
2026-05-07 15:22:26,005 [INFO] parse_pdf -   - 第七节 公司治理与独立性: 55 页
2026-05-07 15:22:26,006 [INFO] parse_pdf -   - 第九节 募集资金运用与未来发展规划: 26 页
2026-05-07 15:22:26,006 [INFO] parse_pdf -   - 第十三节 附件: 3 页
2026-05-07 15:22:26,006 [INFO] parse_pdf -   - 第一节 释义: 9 页
2026-05-07 15:22:26,006 [INFO] parse_pdf -   - 第二节 概览: 17 页
2026-05-07 15:22:26,006 [INFO] parse_pdf -   - 第三节 本次发行概况: 14 页
2026-05-07 15:22:26,006 [INFO] parse_pdf -   - 第四节 风险因素: 25 页
2026-05-07 15:22:26,006 [INFO] parse_pdf -   - 第六节 业务与技术: 71 页
2026-05-07 15:22:26,006 [INFO] parse_pdf -   - 目录: 181 页
2026-05-07 15:22:26,006 [INFO] parse_pdf -   - 第八节 财务会计信息与管理层分析: 24 页
2026-05-07 15:22:26,006 [INFO] parse_pdf -   - 声明: 456 页
2026-05-07 15:22:26,006 [INFO] parse_pdf -   - 第十节  投资者保护: 35 页
2026-05-07 15:22:26,006 [INFO] parse_pdf -   - 第十一节 其他重要事项: 10 页
2026-05-07 15:22:26,006 [INFO] parse_pdf -   - 第十二节 有关声明: 5 页
2026-05-07 15:22:26,028 [INFO] parse_pdf - 已保存: C:\Users\qjx\Desktop\github\项目二\data\parsed\招股说明书_原始文本.json
2026-05-07 15:22:26,029 [INFO] parse_pdf - 🎉 PDF 解析完成
