2026-05-06 18:56:56,389 [INFO] chunk_text - ==================================================
2026-05-06 18:56:56,389 [INFO] chunk_text -   文本分块 开始
2026-05-06 18:56:56,389 [INFO] chunk_text - ==================================================
2026-05-06 18:56:56,389 [INFO] chunk_text - 加载: C:\Users\qjx\Desktop\git\项目二\data\parsed\招股说明书_原始文本.json
2026-05-06 18:56:56,399 [INFO] chunk_text - 加载了 548 页
2026-05-06 18:56:56,399 [INFO] chunk_text - 按章节分块...
2026-05-06 18:56:56,399 [INFO] chunk_text - 检测到 24 个章节分组
2026-05-06 18:56:56,483 [INFO] chunk_text - 生成 903 个 chunks
2026-05-06 18:56:56,484 [INFO] chunk_text - ==================================================
2026-05-06 18:56:56,484 [INFO] chunk_text -   分块质量报告
2026-05-06 18:56:56,484 [INFO] chunk_text - ==================================================
2026-05-06 18:56:56,484 [INFO] chunk_text - 总chunk数: 903, 总字符: 668,128, 平均: 740, 最短/最长: 24/2416
2026-05-06 18:56:56,484 [INFO] chunk_text - 同章节含overlap相邻对: 841
2026-05-06 18:56:56,484 [INFO] chunk_text -   声明                       :  343个 (38.0%)
2026-05-06 18:56:56,484 [INFO] chunk_text -   目录                       :  154个 (17.1%)
2026-05-06 18:56:56,484 [INFO] chunk_text -   第六节 业务与技术                :   90个 (10.0%)
2026-05-06 18:56:56,484 [INFO] chunk_text -   第五节 发行人基本情况              :   65个 (7.2%)
2026-05-06 18:56:56,484 [INFO] chunk_text -   第七节 公司治理与独立性             :   56个 (6.2%)
2026-05-06 18:56:56,484 [INFO] chunk_text -   第十节  投资者保护               :   54个 (6.0%)
2026-05-06 18:56:56,484 [INFO] chunk_text -   第四节 风险因素                 :   30个 (3.3%)
2026-05-06 18:56:56,484 [INFO] chunk_text -   第九节 募集资金运用与未来发展规划        :   29个 (3.2%)
2026-05-06 18:56:56,484 [INFO] chunk_text -   第八节 财务会计信息与管理层分析         :   21个 (2.3%)
2026-05-06 18:56:56,484 [INFO] chunk_text -   重大事项提示                   :   16个 (1.8%)
2026-05-06 18:56:56,484 [INFO] chunk_text -   第二节 概览                   :   15个 (1.7%)
2026-05-06 18:56:56,486 [INFO] chunk_text -   第一节 释义                   :   11个 (1.2%)
2026-05-06 18:56:56,486 [INFO] chunk_text -   第三节 本次发行概况               :    6个 (0.7%)
2026-05-06 18:56:56,486 [INFO] chunk_text -   目  录                     :    4个 (0.4%)
2026-05-06 18:56:56,486 [INFO] chunk_text -   第十一节 其他重要事项              :    3个 (0.3%)
2026-05-06 18:56:56,486 [INFO] chunk_text -   声 明                      :    2个 (0.2%)
2026-05-06 18:56:56,486 [INFO] chunk_text -   第十三节 附件                  :    2个 (0.2%)
2026-05-06 18:56:56,486 [INFO] chunk_text -   未知                       :    1个 (0.1%)
2026-05-06 18:56:56,486 [INFO] chunk_text -   第十二节 有关声明                :    1个 (0.1%)
2026-05-06 18:56:56,502 [INFO] chunk_text - 已保存: C:\Users\qjx\Desktop\git\项目二\data\chunks\招股说明书_分块.jsonl
2026-05-06 18:56:56,502 [INFO] chunk_text - 🎉 分块完成
