2026-05-07 15:35:52,388 [INFO] import_to_milvus - ==================================================
2026-05-07 15:35:52,389 [INFO] import_to_milvus -   导入Milvus 开始
2026-05-07 15:35:52,389 [INFO] import_to_milvus - ==================================================
2026-05-07 15:35:52,389 [INFO] import_to_milvus - 连接Milvus: 127.0.0.1:19530
2026-05-07 15:35:52,427 [INFO] import_to_milvus - Milvus连接成功
2026-05-07 15:35:52,454 [INFO] import_to_milvus - 集合 'prospectus' 创建成功
2026-05-07 15:35:52,984 [INFO] import_to_milvus - 向量索引创建成功
2026-05-07 15:35:53,635 [INFO] import_to_milvus - 加载向量数据: C:\Users\qjx\Desktop\github\项目二\data\chunks\招股说明书_带向量.jsonl
2026-05-07 15:35:53,649 [INFO] import_to_milvus - 已加载1471条文本映射
2026-05-07 15:35:54,124 [INFO] import_to_milvus - 共加载1471条
2026-05-07 15:35:54,124 [INFO] import_to_milvus - 向量维度校验通过: 1024维
2026-05-07 15:35:54,514 [INFO] import_to_milvus - 已导入100/1471条
2026-05-07 15:35:54,539 [INFO] import_to_milvus - 已导入200/1471条
2026-05-07 15:35:54,559 [INFO] import_to_milvus - 已导入300/1471条
2026-05-07 15:35:54,583 [INFO] import_to_milvus - 已导入400/1471条
2026-05-07 15:35:54,621 [INFO] import_to_milvus - 已导入500/1471条
2026-05-07 15:35:54,640 [INFO] import_to_milvus - 已导入600/1471条
2026-05-07 15:35:54,656 [INFO] import_to_milvus - 已导入700/1471条
2026-05-07 15:35:54,679 [INFO] import_to_milvus - 已导入800/1471条
2026-05-07 15:35:54,698 [INFO] import_to_milvus - 已导入900/1471条
2026-05-07 15:35:54,719 [INFO] import_to_milvus - 已导入1000/1471条
2026-05-07 15:35:54,743 [INFO] import_to_milvus - 已导入1100/1471条
2026-05-07 15:35:54,763 [INFO] import_to_milvus - 已导入1200/1471条
2026-05-07 15:35:54,789 [INFO] import_to_milvus - 已导入1300/1471条
2026-05-07 15:35:54,811 [INFO] import_to_milvus - 已导入1400/1471条
2026-05-07 15:35:54,843 [INFO] import_to_milvus - 已导入1471/1471条
2026-05-07 15:35:56,390 [INFO] import_to_milvus - 导入完成，集合当前数据量: 1471
2026-05-07 15:35:56,406 [INFO] import_to_milvus - ==================================================
2026-05-07 15:35:56,406 [INFO] import_to_milvus -   导入质量报告
2026-05-07 15:35:56,406 [INFO] import_to_milvus - ==================================================
2026-05-07 15:35:56,406 [INFO] import_to_milvus - 集合: prospectus
2026-05-07 15:35:56,409 [INFO] import_to_milvus - 数据量: 1471条
2026-05-07 15:35:56,409 [INFO] import_to_milvus - 向量维度: 1024
2026-05-07 15:35:56,409 [INFO] import_to_milvus - 🎉 导入完成
