2026-05-06 17:01:27,293 [INFO] parse_pdf - ==================================================
2026-05-06 17:01:27,293 [INFO] parse_pdf -   PDF 解析 开始
2026-05-06 17:01:27,293 [INFO] parse_pdf - ==================================================
2026-05-06 17:01:27,300 [INFO] parse_pdf - 已备份旧文件 -> C:\Users\qjx\Desktop\git\项目二\offline\data\parsed\招股说明书_原始文本_备份_20260506_170127.json
2026-05-06 17:01:27,300 [INFO] parse_pdf - 读取PDF: C:\Users\qjx\Desktop\git\项目二\data\招股说明书1.pdf
2026-05-06 17:01:27,334 [INFO] parse_pdf - PDF 共 548 页
2026-05-06 17:01:29,520 [INFO] parse_pdf - 成功读取 548 页有效内容（共 548 页）
2026-05-06 17:01:29,533 [INFO] parse_pdf - 处理完成: 成功 548 页, 跳过 0 页
2026-05-06 17:01:29,533 [INFO] parse_pdf - ==================================================
2026-05-06 17:01:29,533 [INFO] parse_pdf -   质量报告
2026-05-06 17:01:29,533 [INFO] parse_pdf - ==================================================
2026-05-06 17:01:29,533 [INFO] parse_pdf - 总页数:      548
2026-05-06 17:01:29,533 [INFO] parse_pdf - 总字符数:    517,711
2026-05-06 17:01:29,533 [INFO] parse_pdf - 平均每页:    945 字符
2026-05-06 17:01:29,534 [INFO] parse_pdf - 检测到章节:  18 个
2026-05-06 17:01:29,534 [INFO] parse_pdf -   - 声 明: 2 页
2026-05-06 17:01:29,534 [INFO] parse_pdf -   - 重大事项提示: 9 页
2026-05-06 17:01:29,534 [INFO] parse_pdf -   - 目  录: 1 页
2026-05-06 17:01:29,534 [INFO] parse_pdf -   - 第五节 发行人基本情况: 42 页
2026-05-06 17:01:29,534 [INFO] parse_pdf -   - 第七节 公司治理与独立性: 27 页
2026-05-06 17:01:29,534 [INFO] parse_pdf -   - 第九节 募集资金运用与未来发展规划: 18 页
2026-05-06 17:01:29,534 [INFO] parse_pdf -   - 第十三节 附件: 3 页
2026-05-06 17:01:29,534 [INFO] parse_pdf -   - 第一节 释义: 4 页
2026-05-06 17:01:29,534 [INFO] parse_pdf -   - 第二节 概览: 9 页
2026-05-06 17:01:29,534 [INFO] parse_pdf -   - 第三节 本次发行概况: 4 页
2026-05-06 17:01:29,534 [INFO] parse_pdf -   - 第四节 风险因素: 17 页
2026-05-06 17:01:29,534 [INFO] parse_pdf -   - 第六节 业务与技术: 57 页
2026-05-06 17:01:29,534 [INFO] parse_pdf -   - 目录: 95 页
2026-05-06 17:01:29,535 [INFO] parse_pdf -   - 第八节 财务会计信息与管理层分析: 10 页
2026-05-06 17:01:29,535 [INFO] parse_pdf -   - 声明: 206 页
2026-05-06 17:01:29,535 [INFO] parse_pdf -   - 第十节  投资者保护: 35 页
2026-05-06 17:01:29,535 [INFO] parse_pdf -   - 第十一节 其他重要事项: 3 页
2026-05-06 17:01:29,535 [INFO] parse_pdf -   - 第十二节 有关声明: 5 页
2026-05-06 17:01:29,548 [INFO] parse_pdf - 已保存: C:\Users\qjx\Desktop\git\项目二\offline\data\parsed\招股说明书_原始文本.json
2026-05-06 17:01:29,548 [INFO] parse_pdf - 🎉 PDF 解析完成
